// Jest Snapshot v1, https://goo.gl/fbAQLP

exports[`should render DeleteCategoryModal correctly 1`] = `
<Modal
  ariaHideApp={true}
  bodyOpenClassName="ReactModal__Body--open"
  className="modal"
  closeTimeoutMS={200}
  contentLabel="Delete Category"
  isOpen={true}
  onRequestClose={[Function]}
  parentSelector={[Function]}
  portalClassName="ReactModalPortal"
  shouldCloseOnEsc={true}
  shouldCloseOnOverlayClick={true}
  shouldFocusAfterRender={true}
  shouldReturnFocusAfterClose={true}
>
  <h3
    className="modal__title"
  >
    Do you want to delete 'Editable Category Name'?
  </h3>
  <p
    className="modal__content"
  >
    (All nested categories will be also removed)
  </p>
  <button
    className="button  modal__btn"
    data-testid="confirm-btn"
    onClick={[Function]}
  >
    OK
  </button>
  <button
    className="button  modal__btn"
    data-testid="cancel-btn"
    onClick={[Function]}
  >
    Cancel
  </button>
</Modal>
`;
