// Jest Snapshot v1, https://goo.gl/fbAQLP

exports[`should render EditCategoryModal correctly 1`] = `
<Modal
  ariaHideApp={true}
  bodyOpenClassName="ReactModal__Body--open"
  className="modal"
  closeTimeoutMS={200}
  contentLabel="Edit Category"
  isOpen={true}
  parentSelector={[Function]}
  portalClassName="ReactModalPortal"
  shouldCloseOnEsc={true}
  shouldCloseOnOverlayClick={true}
  shouldFocusAfterRender={true}
  shouldReturnFocusAfterClose={true}
>
  <h3
    className="modal__title"
  >
    Edit category name
  </h3>
  <form
    className="modal__form"
    data-testid="form"
    onSubmit={[Function]}
  >
    <input
      autoFocus={true}
      className="modal__input"
      data-testid="name"
      name="category"
      onChange={[Function]}
      type="text"
      value=""
    />
    <button
      className="button  modal__btn"
    >
      Save
    </button>
  </form>
</Modal>
`;
