// Jest Snapshot v1, https://goo.gl/fbAQLP

exports[`should render ProgressBar correctly 1`] = `
<div
  className="progress-bar"
>
  <div
    className="progress-bar__line"
    style={
      Object {
        "width": "33.33333333333333%",
      }
    }
  />
</div>
`;
